
32. Executing PROC_DLATCH pass (convert process syncs to latches).
No latch inferred for signal `\MIPSpipeline.\WB_WriteData' from process `\MIPSpipeline.$proc$/Users/jhsu2022/my_designs/32_Bit_MIPS_CPU/Top$20level.v:266$31'.
No latch inferred for signal `\MIPSpipeline.\EX_JRControl' from process `\MIPSpipeline.$proc$/Users/jhsu2022/my_designs/32_Bit_MIPS_CPU/Top$20level.v:376$38'.
No latch inferred for signal `\MIPSpipeline.\Im16_Ext' from process `\MIPSpipeline.$proc$/Users/jhsu2022/my_designs/32_Bit_MIPS_CPU/Top$20level.v:239$25'.
No latch inferred for signal `\MIPSpipeline.\flush' from process `\MIPSpipeline.$proc$/Users/jhsu2022/my_designs/32_Bit_MIPS_CPU/Top$20level.v:239$25'.
No latch inferred for signal `\MIPSpipeline.\PC_next' from process `\MIPSpipeline.$proc$/Users/jhsu2022/my_designs/32_Bit_MIPS_CPU/Top$20level.v:273$33'.
No latch inferred for signal `\MIPSpipeline.\PCbne' from process `\MIPSpipeline.$proc$/Users/jhsu2022/my_designs/32_Bit_MIPS_CPU/Top$20level.v:273$33'.
No latch inferred for signal `\MIPSpipeline.\PCj' from process `\MIPSpipeline.$proc$/Users/jhsu2022/my_designs/32_Bit_MIPS_CPU/Top$20level.v:273$33'.
No latch inferred for signal `\MIPSpipeline.\bneControl' from process `\MIPSpipeline.$proc$/Users/jhsu2022/my_designs/32_Bit_MIPS_CPU/Top$20level.v:273$33'.
No latch inferred for signal `\WB_forward.\ReadData1Out' from process `\WB_forward.$proc$/Users/jhsu2022/my_designs/32_Bit_MIPS_CPU/Writeback$20forward$20unit.v:11$69'.
No latch inferred for signal `\WB_forward.\ReadData2Out' from process `\WB_forward.$proc$/Users/jhsu2022/my_designs/32_Bit_MIPS_CPU/Writeback$20forward$20unit.v:11$69'.
No latch inferred for signal `\ALUControl.\ALUControl' from process `\ALUControl.$proc$/Users/jhsu2022/my_designs/32_Bit_MIPS_CPU/ALU$20control$20unit.v:14$68'.
No latch inferred for signal `\ALU.\out' from process `\ALU.$proc$/Users/jhsu2022/my_designs/32_Bit_MIPS_CPU/32$20bit$20ALU.v:23$49'.
No latch inferred for signal `\ForwardingUnit.\ForwardA' from process `\ForwardingUnit.$proc$/Users/jhsu2022/my_designs/32_Bit_MIPS_CPU/Forwarding$20unit.v:17$78'.
No latch inferred for signal `\ForwardingUnit.\ForwardB' from process `\ForwardingUnit.$proc$/Users/jhsu2022/my_designs/32_Bit_MIPS_CPU/Forwarding$20unit.v:17$78'.
No latch inferred for signal `\Control.\RegDst' from process `\Control.$proc$/Users/jhsu2022/my_designs/32_Bit_MIPS_CPU/Control$20unit.v:12$218'.
No latch inferred for signal `\Control.\ALUSrc' from process `\Control.$proc$/Users/jhsu2022/my_designs/32_Bit_MIPS_CPU/Control$20unit.v:12$218'.
No latch inferred for signal `\Control.\MemToReg' from process `\Control.$proc$/Users/jhsu2022/my_designs/32_Bit_MIPS_CPU/Control$20unit.v:12$218'.
No latch inferred for signal `\Control.\RegWrite' from process `\Control.$proc$/Users/jhsu2022/my_designs/32_Bit_MIPS_CPU/Control$20unit.v:12$218'.
No latch inferred for signal `\Control.\MemRead' from process `\Control.$proc$/Users/jhsu2022/my_designs/32_Bit_MIPS_CPU/Control$20unit.v:12$218'.
No latch inferred for signal `\Control.\MemWrite' from process `\Control.$proc$/Users/jhsu2022/my_designs/32_Bit_MIPS_CPU/Control$20unit.v:12$218'.
No latch inferred for signal `\Control.\Branch' from process `\Control.$proc$/Users/jhsu2022/my_designs/32_Bit_MIPS_CPU/Control$20unit.v:12$218'.
No latch inferred for signal `\Control.\Jump' from process `\Control.$proc$/Users/jhsu2022/my_designs/32_Bit_MIPS_CPU/Control$20unit.v:12$218'.
No latch inferred for signal `\Control.\SignZero' from process `\Control.$proc$/Users/jhsu2022/my_designs/32_Bit_MIPS_CPU/Control$20unit.v:12$218'.
No latch inferred for signal `\Control.\ALUop' from process `\Control.$proc$/Users/jhsu2022/my_designs/32_Bit_MIPS_CPU/Control$20unit.v:12$218'.
No latch inferred for signal `\JRControl.\JRControl' from process `\JRControl.$proc$/Users/jhsu2022/my_designs/32_Bit_MIPS_CPU/JR$20control$20unit.v:14$217'.
No latch inferred for signal `\StallControl.\Stall_flush' from process `\StallControl.$proc$/Users/jhsu2022/my_designs/32_Bit_MIPS_CPU/Stall$20control$20unit.v:20$95'.
No latch inferred for signal `\StallControl.\PC_WriteEn' from process `\StallControl.$proc$/Users/jhsu2022/my_designs/32_Bit_MIPS_CPU/Stall$20control$20unit.v:20$95'.
No latch inferred for signal `\StallControl.\IFID_WriteEn' from process `\StallControl.$proc$/Users/jhsu2022/my_designs/32_Bit_MIPS_CPU/Stall$20control$20unit.v:20$95'.
