
===========================================================================
report_checks -unconstrained
===========================================================================
======================= nom_ff_n40C_1v95 Corner ===================================

Startpoint: reset (input port clocked by clk)
Endpoint: _166_ (recovery check against rising-edge clock clk)
Path Group: asynchronous
Path Type: max

Fanout         Cap        Slew       Delay        Time   Description
---------------------------------------------------------------------------------------------
                                  0.000000    0.000000   clock clk (rise edge)
                                  0.000000    0.000000   clock network delay (propagated)
                                  5.000000    5.000000 v input external delay
     1    0.003792    0.006170    0.003165    5.003166 v reset (in)
                                                         reset (net)
                      0.006171    0.000000    5.003166 v input1/A (sky130_fd_sc_hd__clkbuf_1)
     1    0.003984    0.022416    0.051155    5.054321 v input1/X (sky130_fd_sc_hd__clkbuf_1)
                                                         net1 (net)
                      0.022416    0.000136    5.054457 v fanout35/A (sky130_fd_sc_hd__buf_2)
     7    0.036015    0.065492    0.116160    5.170617 v fanout35/X (sky130_fd_sc_hd__buf_2)
                                                         net35 (net)
                      0.065515    0.001150    5.171766 v fanout34/A (sky130_fd_sc_hd__buf_4)
    10    0.056663    0.061447    0.141084    5.312850 v fanout34/X (sky130_fd_sc_hd__buf_4)
                                                         net34 (net)
                      0.061622    0.002854    5.315703 v _136_/A (sky130_fd_sc_hd__inv_2)
     1    0.004227    0.026215    0.042216    5.357919 ^ _136_/Y (sky130_fd_sc_hd__inv_2)
                                                         _004_ (net)
                      0.026215    0.000089    5.358008 ^ _166_/RESET_B (sky130_fd_sc_hd__dfrtp_2)
                                              5.358008   data arrival time

                                 25.000000   25.000000   clock clk (rise edge)
                                  0.000000   25.000000   clock source latency
     1    0.013546    0.050562    0.033822   25.033821 ^ clk (in)
                                                         clk (net)
                      0.050568    0.000000   25.033821 ^ clkbuf_0_clk/A (sky130_fd_sc_hd__clkbuf_16)
     4    0.040028    0.045113    0.102400   25.136221 ^ clkbuf_0_clk/X (sky130_fd_sc_hd__clkbuf_16)
                                                         clknet_0_clk (net)
                      0.045136    0.000897   25.137117 ^ clkbuf_2_2__f_clk/A (sky130_fd_sc_hd__clkbuf_16)
     8    0.027037    0.036012    0.093252   25.230370 ^ clkbuf_2_2__f_clk/X (sky130_fd_sc_hd__clkbuf_16)
                                                         clknet_2_2__leaf_clk (net)
                      0.036027    0.000657   25.231028 ^ _166_/CLK (sky130_fd_sc_hd__dfrtp_2)
                                 -0.250000   24.981028   clock uncertainty
                                  0.000000   24.981028   clock reconvergence pessimism
                                  0.135703   25.116732   library recovery time
                                             25.116732   data required time
---------------------------------------------------------------------------------------------
                                             25.116732   data required time
                                             -5.358008   data arrival time
---------------------------------------------------------------------------------------------
                                             19.758722   slack (MET)


Startpoint: _167_ (rising edge-triggered flip-flop clocked by clk)
Endpoint: current_pc[7] (output port clocked by clk)
Path Group: clk
Path Type: max

Fanout         Cap        Slew       Delay        Time   Description
---------------------------------------------------------------------------------------------
                                  0.000000    0.000000   clock clk (rise edge)
                                  0.000000    0.000000   clock source latency
     1    0.013546    0.050562    0.033822    0.033822 ^ clk (in)
                                                         clk (net)
                      0.050568    0.000000    0.033822 ^ clkbuf_0_clk/A (sky130_fd_sc_hd__clkbuf_16)
     4    0.040028    0.045113    0.102400    0.136222 ^ clkbuf_0_clk/X (sky130_fd_sc_hd__clkbuf_16)
                                                         clknet_0_clk (net)
                      0.045136    0.000898    0.137120 ^ clkbuf_2_2__f_clk/A (sky130_fd_sc_hd__clkbuf_16)
     8    0.027037    0.036012    0.093251    0.230371 ^ clkbuf_2_2__f_clk/X (sky130_fd_sc_hd__clkbuf_16)
                                                         clknet_2_2__leaf_clk (net)
                      0.036021    0.000548    0.230919 ^ _167_/CLK (sky130_fd_sc_hd__dfrtp_1)
     5    0.017615    0.122024    0.268138    0.499057 ^ _167_/Q (sky130_fd_sc_hd__dfrtp_1)
                                                         net29 (net)
                      0.122024    0.000309    0.499366 ^ output29/A (sky130_fd_sc_hd__buf_2)
     1    0.034146    0.127717    0.159402    0.658768 ^ output29/X (sky130_fd_sc_hd__buf_2)
                                                         current_pc[7] (net)
                      0.127718    0.000707    0.659475 ^ current_pc[7] (out)
                                              0.659475   data arrival time

                                 25.000000   25.000000   clock clk (rise edge)
                                  0.000000   25.000000   clock network delay (propagated)
                                 -0.250000   24.750000   clock uncertainty
                                  0.000000   24.750000   clock reconvergence pessimism
                                 -5.000000   19.750000   output external delay
                                             19.750000   data required time
---------------------------------------------------------------------------------------------
                                             19.750000   data required time
                                             -0.659475   data arrival time
---------------------------------------------------------------------------------------------
                                             19.090525   slack (MET)




===========================================================================
report_checks --slack_max -0.01
============================================================================
======================= nom_ff_n40C_1v95 Corner ===================================

No paths found.


===========================================================================
 report_check_types -max_slew -max_cap -max_fanout -violators
============================================================================
======================= nom_ff_n40C_1v95 Corner ===================================



===========================================================================
report_parasitic_annotation -report_unannotated
============================================================================
Found 5 unannotated drivers.
 MIPSpipeline_36/HI
 MIPSpipeline_37/HI
 clkload0/X
 clkload1/X
 clkload2/X
Found 0 partially unannotated drivers.

===========================================================================
max slew violation count 0
max fanout violation count 0
max cap violation count 0
============================================================================

===========================================================================
check_setup -verbose -unconstrained_endpoints -multiple_clock -no_clock -no_input_delay -loops -generated_clocks
===========================================================================
Warning: There are 2 unconstrained endpoints.
  current_pc[0]
  current_pc[1]
