
===========================================================================
 report_power
============================================================================
======================= max_ss_100C_1v60 Corner ===================================

Group                    Internal    Switching      Leakage        Total
                            Power        Power        Power        Power (Watts)
------------------------------------------------------------------------
Sequential           3.753636e-05 0.000000e+00 5.485972e-07 3.808496e-05  41.2%
Combinational        6.518638e-07 1.671964e-06 8.269059e-07 3.150734e-06   3.4%
Clock                3.648640e-05 1.469462e-05 1.276296e-07 5.130865e-05  55.4%
Macro                0.000000e+00 0.000000e+00 0.000000e+00 0.000000e+00   0.0%
Pad                  0.000000e+00 0.000000e+00 0.000000e+00 0.000000e+00   0.0%
------------------------------------------------------------------------
Total                7.467462e-05 1.636658e-05 1.503136e-06 9.254432e-05 100.0%
                            80.7%        17.7%         1.6%

