
===========================================================================
 report_power
============================================================================
======================= nom_ss_100C_1v60 Corner ===================================

Group                    Internal    Switching      Leakage        Total
                            Power        Power        Power        Power (Watts)
------------------------------------------------------------------------
Sequential           3.757091e-05 0.000000e+00 5.485972e-07 3.811951e-05  41.4%
Combinational        6.518642e-07 1.632677e-06 8.269059e-07 3.111447e-06   3.4%
Clock                3.644743e-05 1.426546e-05 1.276296e-07 5.084052e-05  55.2%
Macro                0.000000e+00 0.000000e+00 0.000000e+00 0.000000e+00   0.0%
Pad                  0.000000e+00 0.000000e+00 0.000000e+00 0.000000e+00   0.0%
------------------------------------------------------------------------
Total                7.467021e-05 1.589814e-05 1.503136e-06 9.207147e-05 100.0%
                            81.1%        17.3%         1.6%

