
===========================================================================
 report_power
============================================================================
======================= nom_tt_025C_1v80 Corner ===================================

Group                    Internal    Switching      Leakage        Total
                            Power        Power        Power        Power (Watts)
------------------------------------------------------------------------
Sequential           4.857817e-05 0.000000e+00 3.581174e-10 4.857853e-05  97.4%
Combinational        5.830418e-07 7.021725e-07 4.420875e-10 1.285656e-06   2.6%
Clock                0.000000e+00 0.000000e+00 0.000000e+00 0.000000e+00   0.0%
Macro                0.000000e+00 0.000000e+00 0.000000e+00 0.000000e+00   0.0%
Pad                  0.000000e+00 0.000000e+00 0.000000e+00 0.000000e+00   0.0%
------------------------------------------------------------------------
Total                4.916122e-05 7.021725e-07 8.002041e-10 4.986419e-05 100.0%
                            98.6%         1.4%         0.0%

