
===========================================================================
 report_power
============================================================================
======================= nom_tt_025C_1v80 Corner ===================================

Group                    Internal    Switching      Leakage        Total
                            Power        Power        Power        Power (Watts)
------------------------------------------------------------------------
Sequential           4.864712e-05 0.000000e+00 3.581174e-10 4.864748e-05  97.3%
Combinational        6.189700e-07 7.132463e-07 4.420875e-10 1.332658e-06   2.7%
Clock                0.000000e+00 0.000000e+00 1.296015e-10 1.296015e-10   0.0%
Macro                0.000000e+00 0.000000e+00 0.000000e+00 0.000000e+00   0.0%
Pad                  0.000000e+00 0.000000e+00 0.000000e+00 0.000000e+00   0.0%
------------------------------------------------------------------------
Total                4.926609e-05 7.132463e-07 9.298049e-10 4.998027e-05 100.0%
                            98.6%         1.4%         0.0%
Writing metric power__internal__total: 4.926609472022392e-5
Writing metric power__switching__total: 7.132462656045391e-7
Writing metric power__leakage__total: 9.298048997408159e-10
Writing metric power__total: 4.998027361580171e-5

