
===========================================================================
 report_power
============================================================================
======================= max_ff_n40C_1v95 Corner ===================================

Group                    Internal    Switching      Leakage        Total
                            Power        Power        Power        Power (Watts)
------------------------------------------------------------------------
Sequential           5.666868e-05 0.000000e+00 4.928069e-10 5.666917e-05  42.2%
Combinational        9.781385e-07 2.576160e-06 1.608111e-09 3.555906e-06   2.6%
Clock                5.135136e-05 2.272939e-05 7.680649e-10 7.408152e-05  55.2%
Macro                0.000000e+00 0.000000e+00 0.000000e+00 0.000000e+00   0.0%
Pad                  0.000000e+00 0.000000e+00 0.000000e+00 0.000000e+00   0.0%
------------------------------------------------------------------------
Total                1.089982e-04 2.530555e-05 2.868987e-09 1.343066e-04 100.0%
                            81.2%        18.8%         0.0%

