
===========================================================================
 report_power
============================================================================
======================= min_tt_025C_1v80 Corner ===================================

Group                    Internal    Switching      Leakage        Total
                            Power        Power        Power        Power (Watts)
------------------------------------------------------------------------
Sequential           4.869455e-05 0.000000e+00 4.026333e-10 4.869496e-05  42.6%
Combinational        8.065822e-07 2.096433e-06 7.784721e-10 2.903794e-06   2.5%
Clock                4.474799e-05 1.792400e-05 3.845095e-10 6.267237e-05  54.8%
Macro                0.000000e+00 0.000000e+00 0.000000e+00 0.000000e+00   0.0%
Pad                  0.000000e+00 0.000000e+00 0.000000e+00 0.000000e+00   0.0%
------------------------------------------------------------------------
Total                9.424911e-05 2.002043e-05 1.565613e-09 1.142711e-04 100.0%
                            82.5%        17.5%         0.0%

