
===========================================================================
 report_power
============================================================================
======================= nom_ff_n40C_1v95 Corner ===================================

Group                    Internal    Switching      Leakage        Total
                            Power        Power        Power        Power (Watts)
------------------------------------------------------------------------
Sequential           5.738199e-05 0.000000e+00 6.593940e-10 5.738265e-05  96.7%
Combinational        1.133147e-06 8.252185e-07 8.295657e-10 1.959195e-06   3.3%
Clock                0.000000e+00 0.000000e+00 0.000000e+00 0.000000e+00   0.0%
Macro                0.000000e+00 0.000000e+00 0.000000e+00 0.000000e+00   0.0%
Pad                  0.000000e+00 0.000000e+00 0.000000e+00 0.000000e+00   0.0%
------------------------------------------------------------------------
Total                5.851514e-05 8.252185e-07 1.488959e-09 5.934184e-05 100.0%
                            98.6%         1.4%         0.0%

