
===========================================================================
 report_power
============================================================================
======================= max_tt_025C_1v80 Corner ===================================

Group                    Internal    Switching      Leakage        Total
                            Power        Power        Power        Power (Watts)
------------------------------------------------------------------------
Sequential           4.866550e-05 0.000000e+00 4.026333e-10 4.866590e-05  42.1%
Combinational        8.066711e-07 2.193749e-06 7.784721e-10 3.001198e-06   2.6%
Clock                4.483208e-05 1.900728e-05 3.845095e-10 6.383975e-05  55.3%
Macro                0.000000e+00 0.000000e+00 0.000000e+00 0.000000e+00   0.0%
Pad                  0.000000e+00 0.000000e+00 0.000000e+00 0.000000e+00   0.0%
------------------------------------------------------------------------
Total                9.430425e-05 2.120103e-05 1.565613e-09 1.155068e-04 100.0%
                            81.6%        18.4%         0.0%

