
===========================================================================
 report_power
============================================================================
======================= min_ss_100C_1v60 Corner ===================================

Group                    Internal    Switching      Leakage        Total
                            Power        Power        Power        Power (Watts)
------------------------------------------------------------------------
Sequential           3.760176e-05 0.000000e+00 5.485972e-07 3.815036e-05  41.6%
Combinational        6.516895e-07 1.595073e-06 8.269059e-07 3.073668e-06   3.4%
Clock                3.640822e-05 1.383869e-05 1.276296e-07 5.037454e-05  55.0%
Macro                0.000000e+00 0.000000e+00 0.000000e+00 0.000000e+00   0.0%
Pad                  0.000000e+00 0.000000e+00 0.000000e+00 0.000000e+00   0.0%
------------------------------------------------------------------------
Total                7.466168e-05 1.543376e-05 1.503136e-06 9.159857e-05 100.0%
                            81.5%        16.8%         1.6%

