
===========================================================================
 report_power
============================================================================
======================= nom_ff_n40C_1v95 Corner ===================================

Group                    Internal    Switching      Leakage        Total
                            Power        Power        Power        Power (Watts)
------------------------------------------------------------------------
Sequential           5.668661e-05 0.000000e+00 4.928069e-10 5.668710e-05  42.4%
Combinational        9.715918e-07 2.517805e-06 1.608111e-09 3.491005e-06   2.6%
Clock                5.131773e-05 2.209193e-05 7.680649e-10 7.341043e-05  55.0%
Macro                0.000000e+00 0.000000e+00 0.000000e+00 0.000000e+00   0.0%
Pad                  0.000000e+00 0.000000e+00 0.000000e+00 0.000000e+00   0.0%
------------------------------------------------------------------------
Total                1.089759e-04 2.460974e-05 2.868987e-09 1.335885e-04 100.0%
                            81.6%        18.4%         0.0%

