                                                                       Cells by Function                                                                        
┏━━━━━━━━━━━━━━━━━━━━━━━━━━━━━━━━━━━━━━━━━━━━━━━━━━━━━━━━━━━━━━━━━━━━━━━━━━━━━━━━━━━━━━━━━━━━━━━━━━━━━━━━━━━━━━━━━━━━━━━━━━━━━━━━┳━━━━━━━━━━━━━━━━━━━━━━━━━━━━━┓
┃ Cell Function                                                                                                                  ┃ Count                       ┃
┡━━━━━━━━━━━━━━━━━━━━━━━━━━━━━━━━━━━━━━━━━━━━━━━━━━━━━━━━━━━━━━━━━━━━━━━━━━━━━━━━━━━━━━━━━━━━━━━━━━━━━━━━━━━━━━━━━━━━━━━━━━━━━━━━╇━━━━━━━━━━━━━━━━━━━━━━━━━━━━━┩
│ sky130_ef_sc_hd__decap                                                                                                         │ 29                          │
│ sky130_fd_sc_hd__a21o                                                                                                          │ 1                           │
│ sky130_fd_sc_hd__a21oi                                                                                                         │ 5                           │
│ sky130_fd_sc_hd__a31o                                                                                                          │ 2                           │
│ sky130_fd_sc_hd__a41o                                                                                                          │ 1                           │
│ sky130_fd_sc_hd__and2                                                                                                          │ 7                           │
│ sky130_fd_sc_hd__and2b                                                                                                         │ 3                           │
│ sky130_fd_sc_hd__and3                                                                                                          │ 9                           │
│ sky130_fd_sc_hd__and4                                                                                                          │ 8                           │
│ sky130_fd_sc_hd__buf                                                                                                           │ 34                          │
│ sky130_fd_sc_hd__clkbuf                                                                                                        │ 9                           │
│ sky130_fd_sc_hd__conb                                                                                                          │ 2                           │
│ sky130_fd_sc_hd__decap                                                                                                         │ 93                          │
│ sky130_fd_sc_hd__dfrtp                                                                                                         │ 30                          │
│ sky130_fd_sc_hd__dlygate4sd3                                                                                                   │ 25                          │
│ sky130_fd_sc_hd__fill                                                                                                          │ 72                          │
│ sky130_fd_sc_hd__inv                                                                                                           │ 31                          │
│ sky130_fd_sc_hd__nand2                                                                                                         │ 2                           │
│ sky130_fd_sc_hd__nand3                                                                                                         │ 1                           │
│ sky130_fd_sc_hd__nor2                                                                                                          │ 7                           │
│ sky130_fd_sc_hd__o21ba                                                                                                         │ 2                           │
│ sky130_fd_sc_hd__o2bb2a                                                                                                        │ 1                           │
│ sky130_fd_sc_hd__or2                                                                                                           │ 1                           │
│ sky130_fd_sc_hd__tapvpwrvgnd                                                                                                   │ 44                          │
│ sky130_fd_sc_hd__xnor2                                                                                                         │ 3                           │
│ sky130_fd_sc_hd__xor2                                                                                                          │ 12                          │
└────────────────────────────────────────────────────────────────────────────────────────────────────────────────────────────────┴─────────────────────────────┘
